../../Middlewares/ST/touchgfx/framework/include/touchgfx/Drawable.hpp:147:23:virtual touchgfx::Drawable* touchgfx::Drawable::getFirstChild()	0	static
../../Middlewares/ST/touchgfx/framework/include/touchgfx/Drawable.hpp:315:18:virtual void touchgfx::Drawable::setX(int16_t)	0	static
../../Middlewares/ST/touchgfx/framework/include/touchgfx/Drawable.hpp:327:18:virtual void touchgfx::Drawable::setY(int16_t)	0	static
../../Middlewares/ST/touchgfx/framework/include/touchgfx/Drawable.hpp:356:18:virtual void touchgfx::Drawable::setWidth(int16_t)	0	static
../../Middlewares/ST/touchgfx/framework/include/touchgfx/Drawable.hpp:368:18:virtual void touchgfx::Drawable::setHeight(int16_t)	0	static
../../Middlewares/ST/touchgfx/framework/include/touchgfx/Drawable.hpp:378:18:virtual void touchgfx::Drawable::childGeometryChanged()	0	static
../../Middlewares/ST/touchgfx/framework/include/touchgfx/Drawable.hpp:389:18:virtual void touchgfx::Drawable::handleClickEvent(const touchgfx::ClickEvent&)	0	static
../../Middlewares/ST/touchgfx/framework/include/touchgfx/Drawable.hpp:401:18:virtual void touchgfx::Drawable::handleGestureEvent(const touchgfx::GestureEvent&)	0	static
../../Middlewares/ST/touchgfx/framework/include/touchgfx/Drawable.hpp:490:18:virtual void touchgfx::Drawable::handleDragEvent(const touchgfx::DragEvent&)	0	static
../../Middlewares/ST/touchgfx/framework/include/touchgfx/Drawable.hpp:501:18:virtual void touchgfx::Drawable::handleTickEvent()	0	static
../../Middlewares/ST/touchgfx/framework/include/touchgfx/Drawable.hpp:588:18:virtual void touchgfx::Drawable::moveTo(int16_t, int16_t)	4	static
../../Middlewares/ST/touchgfx/framework/include/touchgfx/Drawable.hpp:703:18:virtual void touchgfx::Drawable::setupDrawChain(const touchgfx::Rect&, touchgfx::Drawable**)	0	static
../../Middlewares/ST/touchgfx/framework/include/touchgfx/Screen.hpp:104:18:virtual void touchgfx::Screen::afterTransition()	0	static
../../Middlewares/ST/touchgfx/framework/include/touchgfx/Screen.hpp:154:18:virtual void touchgfx::Screen::handleKeyEvent(uint8_t)	0	static
../../TouchGFX/gui/include/gui/draw_screen/LineWidget.hpp:32:18:virtual void LineWidget::draw(const touchgfx::Rect&) const	88	static
../../TouchGFX/gui/include/gui/draw_screen/LineWidget.hpp:65:28:virtual touchgfx::Rect LineWidget::getSolidRect() const	0	static
../../TouchGFX/gui/include/gui/draw_screen/LineWidget.hpp:7:7:LineWidget::~LineWidget()	0	static
C:/Users/huyzi/Downloads/Unlock_Pattern-main/Unlock_Pattern-main/TouchGFX/gui/src/draw_screen/DrawView.cpp:37:6:virtual void DrawView::tearDownScreen()	0	static
../../TouchGFX/gui/include/gui/draw_screen/LineWidget.hpp:7:7:virtual LineWidget::~LineWidget()	8	static
../../TouchGFX/gui/include/gui/draw_screen/DrawView.hpp:15:13:DrawView::~DrawView()	16	static
../../TouchGFX/gui/include/gui/draw_screen/DrawView.hpp:15:13:virtual DrawView::~DrawView()	8	static
../../Middlewares/ST/touchgfx/framework/include/touchgfx/Drawable.hpp:121:18:virtual void touchgfx::Drawable::invalidateContent() const	0	static
../../Middlewares/ST/touchgfx/framework/include/touchgfx/widgets/Widget.hpp:45:18:virtual void touchgfx::Widget::getLastChild(int16_t, int16_t, touchgfx::Drawable**)	0	static
C:/Users/huyzi/Downloads/Unlock_Pattern-main/Unlock_Pattern-main/TouchGFX/gui/src/draw_screen/DrawView.cpp:9:1:DrawView::DrawView()	24	static
C:/Users/huyzi/Downloads/Unlock_Pattern-main/Unlock_Pattern-main/TouchGFX/gui/src/draw_screen/DrawView.cpp:43:6:void DrawView::resetPattern()	0	static
C:/Users/huyzi/Downloads/Unlock_Pattern-main/Unlock_Pattern-main/TouchGFX/gui/src/draw_screen/DrawView.cpp:53:6:void DrawView::resetLines()	24	static
C:/Users/huyzi/Downloads/Unlock_Pattern-main/Unlock_Pattern-main/TouchGFX/gui/src/draw_screen/DrawView.cpp:415:6:void DrawView::hideAllNotifications()	16	static
C:/Users/huyzi/Downloads/Unlock_Pattern-main/Unlock_Pattern-main/TouchGFX/gui/src/draw_screen/DrawView.cpp:451:6:void DrawView::setAllDotsVisible(bool)	16	static
C:/Users/huyzi/Downloads/Unlock_Pattern-main/Unlock_Pattern-main/TouchGFX/gui/src/draw_screen/DrawView.cpp:205:6:void DrawView::processRegisterPattern()	32	static
C:/Users/huyzi/Downloads/Unlock_Pattern-main/Unlock_Pattern-main/TouchGFX/gui/src/draw_screen/DrawView.cpp:130:6:virtual void DrawView::handleClickEvent(const touchgfx::ClickEvent&)	24	static
C:/Users/huyzi/Downloads/Unlock_Pattern-main/Unlock_Pattern-main/TouchGFX/gui/src/draw_screen/DrawView.cpp:274:6:virtual void DrawView::handleTickEvent()	16	static
C:/Users/huyzi/Downloads/Unlock_Pattern-main/Unlock_Pattern-main/TouchGFX/gui/src/draw_screen/DrawView.cpp:392:6:void DrawView::enterRegisterMode()	16	static
C:/Users/huyzi/Downloads/Unlock_Pattern-main/Unlock_Pattern-main/TouchGFX/gui/src/draw_screen/DrawView.cpp:29:6:virtual void DrawView::setupScreen()	8	static
C:/Users/huyzi/Downloads/Unlock_Pattern-main/Unlock_Pattern-main/TouchGFX/gui/src/draw_screen/DrawView.cpp:74:6:void DrawView::drawLineBetweenLastTwoDots()	64	static
C:/Users/huyzi/Downloads/Unlock_Pattern-main/Unlock_Pattern-main/TouchGFX/gui/src/draw_screen/DrawView.cpp:63:6:void DrawView::addPointToPattern(uint8_t)	8	static
C:/Users/huyzi/Downloads/Unlock_Pattern-main/Unlock_Pattern-main/TouchGFX/gui/src/draw_screen/DrawView.cpp:107:6:virtual void DrawView::handleDragEvent(const touchgfx::DragEvent&)	24	static
